2024-10-18 08:54:28,711 - DEBUG - Email of type "changeEmail" sent successfully to qweqwe@gmail.com
2024-10-18 11:49:13,320 - DEBUG - Email of type "changeEmail" sent successfully to paul.bezko@hotmail.com
2024-10-18 11:52:54,171 - DEBUG - Email of type "changeEmail" sent successfully to paul.bezko@hotmail.com
2024-10-18 11:53:20,771 - DEBUG - Email of type "changeEmail" sent successfully to paul.bezko@hotmail.com
2024-10-18 11:56:07,963 - DEBUG - Email of type "changeEmail" sent successfully to paul.bezko@hotmail.com
2024-10-18 12:07:55,922 - ERROR - Exception on /api/get-list-tickers [GET]
Traceback (most recent call last):
  File "C:\Users\paulb\Desktop\Algos\Collab-Project-1\.venv\Lib\site-packages\flask\app.py", line 1473, in wsgi_app
    response = self.full_dispatch_request()
               ^^^^^^^^^^^^^^^^^^^^^^^^^^^^
  File "C:\Users\paulb\Desktop\Algos\Collab-Project-1\.venv\Lib\site-packages\flask\app.py", line 882, in full_dispatch_request
    rv = self.handle_user_exception(e)
         ^^^^^^^^^^^^^^^^^^^^^^^^^^^^^
  File "C:\Users\paulb\Desktop\Algos\Collab-Project-1\.venv\Lib\site-packages\flask_cors\extension.py", line 178, in wrapped_function
    return cors_after_request(app.make_response(f(*args, **kwargs)))
                                                ^^^^^^^^^^^^^^^^^^
  File "C:\Users\paulb\Desktop\Algos\Collab-Project-1\.venv\Lib\site-packages\flask\app.py", line 880, in full_dispatch_request
    rv = self.dispatch_request()
         ^^^^^^^^^^^^^^^^^^^^^^^
  File "C:\Users\paulb\Desktop\Algos\Collab-Project-1\.venv\Lib\site-packages\flask\app.py", line 865, in dispatch_request
    return self.ensure_sync(self.view_functions[rule.endpoint])(**view_args)  # type: ignore[no-any-return]
           ^^^^^^^^^^^^^^^^^^^^^^^^^^^^^^^^^^^^^^^^^^^^^^^^^^^^^^^^^^^^^^^^^
  File "c:\Users\paulb\Desktop\Algos\Collab-Project-1\server\dashboard\routes.py", line 85, in get_list_tickers
    return {'tickers': list(filing_selection_data['available_filings'].keys()), 'popularFilings': filing_selection_data['popular_filings'][:3]}
                            ~~~~~~~~~~~~~~~~~~~~~^^^^^^^^^^^^^^^^^^^^^
KeyError: 'available_filings'
2024-10-18 12:08:10,772 - ERROR - Exception on /api/get-list-tickers [GET]
Traceback (most recent call last):
  File "C:\Users\paulb\Desktop\Algos\Collab-Project-1\.venv\Lib\site-packages\flask\app.py", line 1473, in wsgi_app
    response = self.full_dispatch_request()
               ^^^^^^^^^^^^^^^^^^^^^^^^^^^^
  File "C:\Users\paulb\Desktop\Algos\Collab-Project-1\.venv\Lib\site-packages\flask\app.py", line 882, in full_dispatch_request
    rv = self.handle_user_exception(e)
         ^^^^^^^^^^^^^^^^^^^^^^^^^^^^^
  File "C:\Users\paulb\Desktop\Algos\Collab-Project-1\.venv\Lib\site-packages\flask_cors\extension.py", line 178, in wrapped_function
    return cors_after_request(app.make_response(f(*args, **kwargs)))
                                                ^^^^^^^^^^^^^^^^^^
  File "C:\Users\paulb\Desktop\Algos\Collab-Project-1\.venv\Lib\site-packages\flask\app.py", line 880, in full_dispatch_request
    rv = self.dispatch_request()
         ^^^^^^^^^^^^^^^^^^^^^^^
  File "C:\Users\paulb\Desktop\Algos\Collab-Project-1\.venv\Lib\site-packages\flask\app.py", line 865, in dispatch_request
    return self.ensure_sync(self.view_functions[rule.endpoint])(**view_args)  # type: ignore[no-any-return]
           ^^^^^^^^^^^^^^^^^^^^^^^^^^^^^^^^^^^^^^^^^^^^^^^^^^^^^^^^^^^^^^^^^
  File "c:\Users\paulb\Desktop\Algos\Collab-Project-1\server\dashboard\routes.py", line 85, in get_list_tickers
    return {'tickers': list(filing_selection_data['available_filings'].keys()), 'popularFilings': filing_selection_data['popular_filings'][:3]}
                            ~~~~~~~~~~~~~~~~~~~~~^^^^^^^^^^^^^^^^^^^^^
KeyError: 'available_filings'
2024-10-18 12:09:39,998 - ERROR - Exception on /api/get-list-tickers [GET]
Traceback (most recent call last):
  File "C:\Users\paulb\Desktop\Algos\Collab-Project-1\.venv\Lib\site-packages\flask\app.py", line 1473, in wsgi_app
    response = self.full_dispatch_request()
               ^^^^^^^^^^^^^^^^^^^^^^^^^^^^
  File "C:\Users\paulb\Desktop\Algos\Collab-Project-1\.venv\Lib\site-packages\flask\app.py", line 882, in full_dispatch_request
    rv = self.handle_user_exception(e)
         ^^^^^^^^^^^^^^^^^^^^^^^^^^^^^
  File "C:\Users\paulb\Desktop\Algos\Collab-Project-1\.venv\Lib\site-packages\flask_cors\extension.py", line 178, in wrapped_function
    return cors_after_request(app.make_response(f(*args, **kwargs)))
                                                ^^^^^^^^^^^^^^^^^^
  File "C:\Users\paulb\Desktop\Algos\Collab-Project-1\.venv\Lib\site-packages\flask\app.py", line 880, in full_dispatch_request
    rv = self.dispatch_request()
         ^^^^^^^^^^^^^^^^^^^^^^^
  File "C:\Users\paulb\Desktop\Algos\Collab-Project-1\.venv\Lib\site-packages\flask\app.py", line 865, in dispatch_request
    return self.ensure_sync(self.view_functions[rule.endpoint])(**view_args)  # type: ignore[no-any-return]
           ^^^^^^^^^^^^^^^^^^^^^^^^^^^^^^^^^^^^^^^^^^^^^^^^^^^^^^^^^^^^^^^^^
  File "c:\Users\paulb\Desktop\Algos\Collab-Project-1\server\dashboard\routes.py", line 85, in get_list_tickers
    return {'tickers': list(filing_selection_data['available_filings'].keys()), 'popularFilings': filing_selection_data['popular_filings'][:3]}
                            ~~~~~~~~~~~~~~~~~~~~~^^^^^^^^^^^^^^^^^^^^^
KeyError: 'available_filings'
2024-10-18 12:10:00,670 - ERROR - Exception on /api/get-list-tickers [GET]
Traceback (most recent call last):
  File "C:\Users\paulb\Desktop\Algos\Collab-Project-1\.venv\Lib\site-packages\flask\app.py", line 1473, in wsgi_app
    response = self.full_dispatch_request()
               ^^^^^^^^^^^^^^^^^^^^^^^^^^^^
  File "C:\Users\paulb\Desktop\Algos\Collab-Project-1\.venv\Lib\site-packages\flask\app.py", line 882, in full_dispatch_request
    rv = self.handle_user_exception(e)
         ^^^^^^^^^^^^^^^^^^^^^^^^^^^^^
  File "C:\Users\paulb\Desktop\Algos\Collab-Project-1\.venv\Lib\site-packages\flask_cors\extension.py", line 178, in wrapped_function
    return cors_after_request(app.make_response(f(*args, **kwargs)))
                                                ^^^^^^^^^^^^^^^^^^
  File "C:\Users\paulb\Desktop\Algos\Collab-Project-1\.venv\Lib\site-packages\flask\app.py", line 880, in full_dispatch_request
    rv = self.dispatch_request()
         ^^^^^^^^^^^^^^^^^^^^^^^
  File "C:\Users\paulb\Desktop\Algos\Collab-Project-1\.venv\Lib\site-packages\flask\app.py", line 865, in dispatch_request
    return self.ensure_sync(self.view_functions[rule.endpoint])(**view_args)  # type: ignore[no-any-return]
           ^^^^^^^^^^^^^^^^^^^^^^^^^^^^^^^^^^^^^^^^^^^^^^^^^^^^^^^^^^^^^^^^^
  File "c:\Users\paulb\Desktop\Algos\Collab-Project-1\server\dashboard\routes.py", line 85, in get_list_tickers
    return {'tickers': list(filing_selection_data['available_filings'].keys()), 'popularFilings': filing_selection_data['popular_filings'][:3]}
                            ~~~~~~~~~~~~~~~~~~~~~^^^^^^^^^^^^^^^^^^^^^
KeyError: 'available_filings'
2024-10-18 12:10:40,600 - ERROR - Exception on /api/get-list-tickers [GET]
Traceback (most recent call last):
  File "C:\Users\paulb\Desktop\Algos\Collab-Project-1\.venv\Lib\site-packages\flask\app.py", line 1473, in wsgi_app
    response = self.full_dispatch_request()
               ^^^^^^^^^^^^^^^^^^^^^^^^^^^^
  File "C:\Users\paulb\Desktop\Algos\Collab-Project-1\.venv\Lib\site-packages\flask\app.py", line 882, in full_dispatch_request
    rv = self.handle_user_exception(e)
         ^^^^^^^^^^^^^^^^^^^^^^^^^^^^^
  File "C:\Users\paulb\Desktop\Algos\Collab-Project-1\.venv\Lib\site-packages\flask_cors\extension.py", line 178, in wrapped_function
    return cors_after_request(app.make_response(f(*args, **kwargs)))
                                                ^^^^^^^^^^^^^^^^^^
  File "C:\Users\paulb\Desktop\Algos\Collab-Project-1\.venv\Lib\site-packages\flask\app.py", line 880, in full_dispatch_request
    rv = self.dispatch_request()
         ^^^^^^^^^^^^^^^^^^^^^^^
  File "C:\Users\paulb\Desktop\Algos\Collab-Project-1\.venv\Lib\site-packages\flask\app.py", line 865, in dispatch_request
    return self.ensure_sync(self.view_functions[rule.endpoint])(**view_args)  # type: ignore[no-any-return]
           ^^^^^^^^^^^^^^^^^^^^^^^^^^^^^^^^^^^^^^^^^^^^^^^^^^^^^^^^^^^^^^^^^
  File "c:\Users\paulb\Desktop\Algos\Collab-Project-1\server\dashboard\routes.py", line 85, in get_list_tickers
    return {'tickers': list(filing_selection_data['available_filings'].keys()), 'popularFilings': filing_selection_data['popular_filings'][:3]}
                            ~~~~~~~~~~~~~~~~~~~~~^^^^^^^^^^^^^^^^^^^^^
KeyError: 'available_filings'
2024-10-18 12:11:38,907 - ERROR - Exception on /api/get-list-tickers [GET]
Traceback (most recent call last):
  File "C:\Users\paulb\Desktop\Algos\Collab-Project-1\.venv\Lib\site-packages\flask\app.py", line 1473, in wsgi_app
    response = self.full_dispatch_request()
               ^^^^^^^^^^^^^^^^^^^^^^^^^^^^
  File "C:\Users\paulb\Desktop\Algos\Collab-Project-1\.venv\Lib\site-packages\flask\app.py", line 882, in full_dispatch_request
    rv = self.handle_user_exception(e)
         ^^^^^^^^^^^^^^^^^^^^^^^^^^^^^
  File "C:\Users\paulb\Desktop\Algos\Collab-Project-1\.venv\Lib\site-packages\flask_cors\extension.py", line 178, in wrapped_function
    return cors_after_request(app.make_response(f(*args, **kwargs)))
                                                ^^^^^^^^^^^^^^^^^^
  File "C:\Users\paulb\Desktop\Algos\Collab-Project-1\.venv\Lib\site-packages\flask\app.py", line 880, in full_dispatch_request
    rv = self.dispatch_request()
         ^^^^^^^^^^^^^^^^^^^^^^^
  File "C:\Users\paulb\Desktop\Algos\Collab-Project-1\.venv\Lib\site-packages\flask\app.py", line 865, in dispatch_request
    return self.ensure_sync(self.view_functions[rule.endpoint])(**view_args)  # type: ignore[no-any-return]
           ^^^^^^^^^^^^^^^^^^^^^^^^^^^^^^^^^^^^^^^^^^^^^^^^^^^^^^^^^^^^^^^^^
  File "c:\Users\paulb\Desktop\Algos\Collab-Project-1\server\dashboard\routes.py", line 85, in get_list_tickers
    return {'tickers': list(filing_selection_data['available_filings'].keys()), 'popularFilings': filing_selection_data['popular_filings'][:3]}
                            ~~~~~~~~~~~~~~~~~~~~~^^^^^^^^^^^^^^^^^^^^^
KeyError: 'available_filings'
2024-10-18 12:12:15,089 - ERROR - Exception on /api/get-list-tickers [GET]
Traceback (most recent call last):
  File "C:\Users\paulb\Desktop\Algos\Collab-Project-1\.venv\Lib\site-packages\flask\app.py", line 1473, in wsgi_app
    response = self.full_dispatch_request()
               ^^^^^^^^^^^^^^^^^^^^^^^^^^^^
  File "C:\Users\paulb\Desktop\Algos\Collab-Project-1\.venv\Lib\site-packages\flask\app.py", line 882, in full_dispatch_request
    rv = self.handle_user_exception(e)
         ^^^^^^^^^^^^^^^^^^^^^^^^^^^^^
  File "C:\Users\paulb\Desktop\Algos\Collab-Project-1\.venv\Lib\site-packages\flask_cors\extension.py", line 178, in wrapped_function
    return cors_after_request(app.make_response(f(*args, **kwargs)))
                                                ^^^^^^^^^^^^^^^^^^
  File "C:\Users\paulb\Desktop\Algos\Collab-Project-1\.venv\Lib\site-packages\flask\app.py", line 880, in full_dispatch_request
    rv = self.dispatch_request()
         ^^^^^^^^^^^^^^^^^^^^^^^
  File "C:\Users\paulb\Desktop\Algos\Collab-Project-1\.venv\Lib\site-packages\flask\app.py", line 865, in dispatch_request
    return self.ensure_sync(self.view_functions[rule.endpoint])(**view_args)  # type: ignore[no-any-return]
           ^^^^^^^^^^^^^^^^^^^^^^^^^^^^^^^^^^^^^^^^^^^^^^^^^^^^^^^^^^^^^^^^^
  File "c:\Users\paulb\Desktop\Algos\Collab-Project-1\server\dashboard\routes.py", line 85, in get_list_tickers
    return {'tickers': list(filing_selection_data['available_filings'].keys()), 'popularFilings': filing_selection_data['popular_filings'][:3]}
                            ~~~~~~~~~~~~~~~~~~~~~^^^^^^^^^^^^^^^^^^^^^
KeyError: 'available_filings'
2024-10-18 12:12:35,574 - ERROR - Exception on /api/new-message [POST]
Traceback (most recent call last):
  File "C:\Users\paulb\Desktop\Algos\Collab-Project-1\.venv\Lib\site-packages\flask\app.py", line 1473, in wsgi_app
    response = self.full_dispatch_request()
               ^^^^^^^^^^^^^^^^^^^^^^^^^^^^
  File "C:\Users\paulb\Desktop\Algos\Collab-Project-1\.venv\Lib\site-packages\flask\app.py", line 882, in full_dispatch_request
    rv = self.handle_user_exception(e)
         ^^^^^^^^^^^^^^^^^^^^^^^^^^^^^
  File "C:\Users\paulb\Desktop\Algos\Collab-Project-1\.venv\Lib\site-packages\flask_cors\extension.py", line 178, in wrapped_function
    return cors_after_request(app.make_response(f(*args, **kwargs)))
                                                ^^^^^^^^^^^^^^^^^^
  File "C:\Users\paulb\Desktop\Algos\Collab-Project-1\.venv\Lib\site-packages\flask\app.py", line 880, in full_dispatch_request
    rv = self.dispatch_request()
         ^^^^^^^^^^^^^^^^^^^^^^^
  File "C:\Users\paulb\Desktop\Algos\Collab-Project-1\.venv\Lib\site-packages\flask\app.py", line 865, in dispatch_request
    return self.ensure_sync(self.view_functions[rule.endpoint])(**view_args)  # type: ignore[no-any-return]
           ^^^^^^^^^^^^^^^^^^^^^^^^^^^^^^^^^^^^^^^^^^^^^^^^^^^^^^^^^^^^^^^^^
  File "c:\Users\paulb\Desktop\Algos\Collab-Project-1\server\dashboard\routes.py", line 151, in new_message_post
    get_assistant_response(
  File "c:\Users\paulb\Desktop\Algos\Collab-Project-1\server\dashboard\utils.py", line 261, in get_assistant_response
    with open("server/memory/chat_memory.json", "r+") as file: chat_memory = json.load(file)
         ^^^^^^^^^^^^^^^^^^^^^^^^^^^^^^^^^^^^^^^^^^^^
FileNotFoundError: [Errno 2] No such file or directory: 'server/memory/chat_memory.json'
2024-10-18 12:13:23,440 - ERROR - Exception on /api/get-list-tickers [GET]
Traceback (most recent call last):
  File "C:\Users\paulb\Desktop\Algos\Collab-Project-1\.venv\Lib\site-packages\flask\app.py", line 1473, in wsgi_app
    response = self.full_dispatch_request()
               ^^^^^^^^^^^^^^^^^^^^^^^^^^^^
  File "C:\Users\paulb\Desktop\Algos\Collab-Project-1\.venv\Lib\site-packages\flask\app.py", line 882, in full_dispatch_request
    rv = self.handle_user_exception(e)
         ^^^^^^^^^^^^^^^^^^^^^^^^^^^^^
  File "C:\Users\paulb\Desktop\Algos\Collab-Project-1\.venv\Lib\site-packages\flask_cors\extension.py", line 178, in wrapped_function
    return cors_after_request(app.make_response(f(*args, **kwargs)))
                                                ^^^^^^^^^^^^^^^^^^
  File "C:\Users\paulb\Desktop\Algos\Collab-Project-1\.venv\Lib\site-packages\flask\app.py", line 880, in full_dispatch_request
    rv = self.dispatch_request()
         ^^^^^^^^^^^^^^^^^^^^^^^
  File "C:\Users\paulb\Desktop\Algos\Collab-Project-1\.venv\Lib\site-packages\flask\app.py", line 865, in dispatch_request
    return self.ensure_sync(self.view_functions[rule.endpoint])(**view_args)  # type: ignore[no-any-return]
           ^^^^^^^^^^^^^^^^^^^^^^^^^^^^^^^^^^^^^^^^^^^^^^^^^^^^^^^^^^^^^^^^^
  File "c:\Users\paulb\Desktop\Algos\Collab-Project-1\server\dashboard\routes.py", line 85, in get_list_tickers
    return {'tickers': list(filing_selection_data['available_filings'].keys()), 'popularFilings': filing_selection_data['popular_filings'][:3]}
                            ~~~~~~~~~~~~~~~~~~~~~^^^^^^^^^^^^^^^^^^^^^
KeyError: 'available_filings'
2024-10-18 12:13:30,966 - ERROR - Exception on /api/new-message [POST]
Traceback (most recent call last):
  File "C:\Users\paulb\Desktop\Algos\Collab-Project-1\.venv\Lib\site-packages\flask\app.py", line 1473, in wsgi_app
    response = self.full_dispatch_request()
               ^^^^^^^^^^^^^^^^^^^^^^^^^^^^
  File "C:\Users\paulb\Desktop\Algos\Collab-Project-1\.venv\Lib\site-packages\flask\app.py", line 882, in full_dispatch_request
    rv = self.handle_user_exception(e)
         ^^^^^^^^^^^^^^^^^^^^^^^^^^^^^
  File "C:\Users\paulb\Desktop\Algos\Collab-Project-1\.venv\Lib\site-packages\flask_cors\extension.py", line 178, in wrapped_function
    return cors_after_request(app.make_response(f(*args, **kwargs)))
                                                ^^^^^^^^^^^^^^^^^^
  File "C:\Users\paulb\Desktop\Algos\Collab-Project-1\.venv\Lib\site-packages\flask\app.py", line 880, in full_dispatch_request
    rv = self.dispatch_request()
         ^^^^^^^^^^^^^^^^^^^^^^^
  File "C:\Users\paulb\Desktop\Algos\Collab-Project-1\.venv\Lib\site-packages\flask\app.py", line 865, in dispatch_request
    return self.ensure_sync(self.view_functions[rule.endpoint])(**view_args)  # type: ignore[no-any-return]
           ^^^^^^^^^^^^^^^^^^^^^^^^^^^^^^^^^^^^^^^^^^^^^^^^^^^^^^^^^^^^^^^^^
  File "c:\Users\paulb\Desktop\Algos\Collab-Project-1\server\dashboard\routes.py", line 151, in new_message_post
    get_assistant_response(
  File "c:\Users\paulb\Desktop\Algos\Collab-Project-1\server\dashboard\utils.py", line 261, in get_assistant_response
    with open("server/memory/chat_memory.json", "r+") as file: chat_memory = json.load(file)
         ^^^^^^^^^^^^^^^^^^^^^^^^^^^^^^^^^^^^^^^^^^^^
FileNotFoundError: [Errno 2] No such file or directory: 'server/memory/chat_memory.json'
2024-10-18 12:13:40,914 - ERROR - Exception on /api/get-list-tickers [GET]
Traceback (most recent call last):
  File "C:\Users\paulb\Desktop\Algos\Collab-Project-1\.venv\Lib\site-packages\flask\app.py", line 1473, in wsgi_app
    response = self.full_dispatch_request()
               ^^^^^^^^^^^^^^^^^^^^^^^^^^^^
  File "C:\Users\paulb\Desktop\Algos\Collab-Project-1\.venv\Lib\site-packages\flask\app.py", line 882, in full_dispatch_request
    rv = self.handle_user_exception(e)
         ^^^^^^^^^^^^^^^^^^^^^^^^^^^^^
  File "C:\Users\paulb\Desktop\Algos\Collab-Project-1\.venv\Lib\site-packages\flask_cors\extension.py", line 178, in wrapped_function
    return cors_after_request(app.make_response(f(*args, **kwargs)))
                                                ^^^^^^^^^^^^^^^^^^
  File "C:\Users\paulb\Desktop\Algos\Collab-Project-1\.venv\Lib\site-packages\flask\app.py", line 880, in full_dispatch_request
    rv = self.dispatch_request()
         ^^^^^^^^^^^^^^^^^^^^^^^
  File "C:\Users\paulb\Desktop\Algos\Collab-Project-1\.venv\Lib\site-packages\flask\app.py", line 865, in dispatch_request
    return self.ensure_sync(self.view_functions[rule.endpoint])(**view_args)  # type: ignore[no-any-return]
           ^^^^^^^^^^^^^^^^^^^^^^^^^^^^^^^^^^^^^^^^^^^^^^^^^^^^^^^^^^^^^^^^^
  File "c:\Users\paulb\Desktop\Algos\Collab-Project-1\server\dashboard\routes.py", line 85, in get_list_tickers
    return {'tickers': list(filing_selection_data['available_filings'].keys()), 'popularFilings': filing_selection_data['popular_filings'][:3]}
                            ~~~~~~~~~~~~~~~~~~~~~^^^^^^^^^^^^^^^^^^^^^
KeyError: 'available_filings'
2024-10-18 12:13:52,185 - ERROR - Exception on /api/get-list-tickers [GET]
Traceback (most recent call last):
  File "C:\Users\paulb\Desktop\Algos\Collab-Project-1\.venv\Lib\site-packages\flask\app.py", line 1473, in wsgi_app
    response = self.full_dispatch_request()
               ^^^^^^^^^^^^^^^^^^^^^^^^^^^^
  File "C:\Users\paulb\Desktop\Algos\Collab-Project-1\.venv\Lib\site-packages\flask\app.py", line 882, in full_dispatch_request
    rv = self.handle_user_exception(e)
         ^^^^^^^^^^^^^^^^^^^^^^^^^^^^^
  File "C:\Users\paulb\Desktop\Algos\Collab-Project-1\.venv\Lib\site-packages\flask_cors\extension.py", line 178, in wrapped_function
    return cors_after_request(app.make_response(f(*args, **kwargs)))
                                                ^^^^^^^^^^^^^^^^^^
  File "C:\Users\paulb\Desktop\Algos\Collab-Project-1\.venv\Lib\site-packages\flask\app.py", line 880, in full_dispatch_request
    rv = self.dispatch_request()
         ^^^^^^^^^^^^^^^^^^^^^^^
  File "C:\Users\paulb\Desktop\Algos\Collab-Project-1\.venv\Lib\site-packages\flask\app.py", line 865, in dispatch_request
    return self.ensure_sync(self.view_functions[rule.endpoint])(**view_args)  # type: ignore[no-any-return]
           ^^^^^^^^^^^^^^^^^^^^^^^^^^^^^^^^^^^^^^^^^^^^^^^^^^^^^^^^^^^^^^^^^
  File "c:\Users\paulb\Desktop\Algos\Collab-Project-1\server\dashboard\routes.py", line 85, in get_list_tickers
    return {'tickers': list(filing_selection_data['available_filings'].keys()), 'popularFilings': filing_selection_data['popular_filings'][:3]}
                            ~~~~~~~~~~~~~~~~~~~~~^^^^^^^^^^^^^^^^^^^^^
KeyError: 'available_filings'
2024-10-18 12:14:57,888 - ERROR - Exception on /api/get-list-tickers [GET]
Traceback (most recent call last):
  File "C:\Users\paulb\Desktop\Algos\Collab-Project-1\.venv\Lib\site-packages\flask\app.py", line 1473, in wsgi_app
    response = self.full_dispatch_request()
               ^^^^^^^^^^^^^^^^^^^^^^^^^^^^
  File "C:\Users\paulb\Desktop\Algos\Collab-Project-1\.venv\Lib\site-packages\flask\app.py", line 882, in full_dispatch_request
    rv = self.handle_user_exception(e)
         ^^^^^^^^^^^^^^^^^^^^^^^^^^^^^
  File "C:\Users\paulb\Desktop\Algos\Collab-Project-1\.venv\Lib\site-packages\flask_cors\extension.py", line 178, in wrapped_function
    return cors_after_request(app.make_response(f(*args, **kwargs)))
                                                ^^^^^^^^^^^^^^^^^^
  File "C:\Users\paulb\Desktop\Algos\Collab-Project-1\.venv\Lib\site-packages\flask\app.py", line 880, in full_dispatch_request
    rv = self.dispatch_request()
         ^^^^^^^^^^^^^^^^^^^^^^^
  File "C:\Users\paulb\Desktop\Algos\Collab-Project-1\.venv\Lib\site-packages\flask\app.py", line 865, in dispatch_request
    return self.ensure_sync(self.view_functions[rule.endpoint])(**view_args)  # type: ignore[no-any-return]
           ^^^^^^^^^^^^^^^^^^^^^^^^^^^^^^^^^^^^^^^^^^^^^^^^^^^^^^^^^^^^^^^^^
  File "c:\Users\paulb\Desktop\Algos\Collab-Project-1\server\dashboard\routes.py", line 85, in get_list_tickers
    return {'tickers': list(filing_selection_data['available_filings'].keys()), 'popularFilings': filing_selection_data['popular_filings'][:3]}
                            ~~~~~~~~~~~~~~~~~~~~~^^^^^^^^^^^^^^^^^^^^^
KeyError: 'available_filings'
2024-10-18 12:15:06,984 - ERROR - Exception on /api/get-list-tickers [GET]
Traceback (most recent call last):
  File "C:\Users\paulb\Desktop\Algos\Collab-Project-1\.venv\Lib\site-packages\flask\app.py", line 1473, in wsgi_app
    response = self.full_dispatch_request()
               ^^^^^^^^^^^^^^^^^^^^^^^^^^^^
  File "C:\Users\paulb\Desktop\Algos\Collab-Project-1\.venv\Lib\site-packages\flask\app.py", line 882, in full_dispatch_request
    rv = self.handle_user_exception(e)
         ^^^^^^^^^^^^^^^^^^^^^^^^^^^^^
  File "C:\Users\paulb\Desktop\Algos\Collab-Project-1\.venv\Lib\site-packages\flask_cors\extension.py", line 178, in wrapped_function
    return cors_after_request(app.make_response(f(*args, **kwargs)))
                                                ^^^^^^^^^^^^^^^^^^
  File "C:\Users\paulb\Desktop\Algos\Collab-Project-1\.venv\Lib\site-packages\flask\app.py", line 880, in full_dispatch_request
    rv = self.dispatch_request()
         ^^^^^^^^^^^^^^^^^^^^^^^
  File "C:\Users\paulb\Desktop\Algos\Collab-Project-1\.venv\Lib\site-packages\flask\app.py", line 865, in dispatch_request
    return self.ensure_sync(self.view_functions[rule.endpoint])(**view_args)  # type: ignore[no-any-return]
           ^^^^^^^^^^^^^^^^^^^^^^^^^^^^^^^^^^^^^^^^^^^^^^^^^^^^^^^^^^^^^^^^^
  File "c:\Users\paulb\Desktop\Algos\Collab-Project-1\server\dashboard\routes.py", line 85, in get_list_tickers
    return {'tickers': list(filing_selection_data['available_filings'].keys()), 'popularFilings': filing_selection_data['popular_filings'][:3]}
                            ~~~~~~~~~~~~~~~~~~~~~^^^^^^^^^^^^^^^^^^^^^
KeyError: 'available_filings'
2024-10-18 12:16:24,041 - ERROR - Exception on /api/get-list-tickers [GET]
Traceback (most recent call last):
  File "C:\Users\paulb\Desktop\Algos\Collab-Project-1\.venv\Lib\site-packages\flask\app.py", line 1473, in wsgi_app
    response = self.full_dispatch_request()
               ^^^^^^^^^^^^^^^^^^^^^^^^^^^^
  File "C:\Users\paulb\Desktop\Algos\Collab-Project-1\.venv\Lib\site-packages\flask\app.py", line 882, in full_dispatch_request
    rv = self.handle_user_exception(e)
         ^^^^^^^^^^^^^^^^^^^^^^^^^^^^^
  File "C:\Users\paulb\Desktop\Algos\Collab-Project-1\.venv\Lib\site-packages\flask_cors\extension.py", line 178, in wrapped_function
    return cors_after_request(app.make_response(f(*args, **kwargs)))
                                                ^^^^^^^^^^^^^^^^^^
  File "C:\Users\paulb\Desktop\Algos\Collab-Project-1\.venv\Lib\site-packages\flask\app.py", line 880, in full_dispatch_request
    rv = self.dispatch_request()
         ^^^^^^^^^^^^^^^^^^^^^^^
  File "C:\Users\paulb\Desktop\Algos\Collab-Project-1\.venv\Lib\site-packages\flask\app.py", line 865, in dispatch_request
    return self.ensure_sync(self.view_functions[rule.endpoint])(**view_args)  # type: ignore[no-any-return]
           ^^^^^^^^^^^^^^^^^^^^^^^^^^^^^^^^^^^^^^^^^^^^^^^^^^^^^^^^^^^^^^^^^
  File "c:\Users\paulb\Desktop\Algos\Collab-Project-1\server\dashboard\routes.py", line 85, in get_list_tickers
    return {'tickers': list(filing_selection_data['available_filings'].keys()), 'popularFilings': filing_selection_data['popular_filings'][:3]}
                            ~~~~~~~~~~~~~~~~~~~~~^^^^^^^^^^^^^^^^^^^^^
KeyError: 'available_filings'
2024-10-18 12:16:34,298 - ERROR - Exception on /api/get-list-tickers [GET]
Traceback (most recent call last):
  File "C:\Users\paulb\Desktop\Algos\Collab-Project-1\.venv\Lib\site-packages\flask\app.py", line 1473, in wsgi_app
    response = self.full_dispatch_request()
               ^^^^^^^^^^^^^^^^^^^^^^^^^^^^
  File "C:\Users\paulb\Desktop\Algos\Collab-Project-1\.venv\Lib\site-packages\flask\app.py", line 882, in full_dispatch_request
    rv = self.handle_user_exception(e)
         ^^^^^^^^^^^^^^^^^^^^^^^^^^^^^
  File "C:\Users\paulb\Desktop\Algos\Collab-Project-1\.venv\Lib\site-packages\flask_cors\extension.py", line 178, in wrapped_function
    return cors_after_request(app.make_response(f(*args, **kwargs)))
                                                ^^^^^^^^^^^^^^^^^^
  File "C:\Users\paulb\Desktop\Algos\Collab-Project-1\.venv\Lib\site-packages\flask\app.py", line 880, in full_dispatch_request
    rv = self.dispatch_request()
         ^^^^^^^^^^^^^^^^^^^^^^^
  File "C:\Users\paulb\Desktop\Algos\Collab-Project-1\.venv\Lib\site-packages\flask\app.py", line 865, in dispatch_request
    return self.ensure_sync(self.view_functions[rule.endpoint])(**view_args)  # type: ignore[no-any-return]
           ^^^^^^^^^^^^^^^^^^^^^^^^^^^^^^^^^^^^^^^^^^^^^^^^^^^^^^^^^^^^^^^^^
  File "c:\Users\paulb\Desktop\Algos\Collab-Project-1\server\dashboard\routes.py", line 85, in get_list_tickers
    return {'tickers': list(filing_selection_data['available_filings'].keys()), 'popularFilings': filing_selection_data['popular_filings'][:3]}
                            ~~~~~~~~~~~~~~~~~~~~~^^^^^^^^^^^^^^^^^^^^^
KeyError: 'available_filings'
2024-10-18 12:18:09,275 - ERROR - Exception on /api/get-list-tickers [GET]
Traceback (most recent call last):
  File "C:\Users\paulb\Desktop\Algos\Collab-Project-1\.venv\Lib\site-packages\flask\app.py", line 1473, in wsgi_app
    response = self.full_dispatch_request()
               ^^^^^^^^^^^^^^^^^^^^^^^^^^^^
  File "C:\Users\paulb\Desktop\Algos\Collab-Project-1\.venv\Lib\site-packages\flask\app.py", line 882, in full_dispatch_request
    rv = self.handle_user_exception(e)
         ^^^^^^^^^^^^^^^^^^^^^^^^^^^^^
  File "C:\Users\paulb\Desktop\Algos\Collab-Project-1\.venv\Lib\site-packages\flask_cors\extension.py", line 178, in wrapped_function
    return cors_after_request(app.make_response(f(*args, **kwargs)))
                                                ^^^^^^^^^^^^^^^^^^
  File "C:\Users\paulb\Desktop\Algos\Collab-Project-1\.venv\Lib\site-packages\flask\app.py", line 880, in full_dispatch_request
    rv = self.dispatch_request()
         ^^^^^^^^^^^^^^^^^^^^^^^
  File "C:\Users\paulb\Desktop\Algos\Collab-Project-1\.venv\Lib\site-packages\flask\app.py", line 865, in dispatch_request
    return self.ensure_sync(self.view_functions[rule.endpoint])(**view_args)  # type: ignore[no-any-return]
           ^^^^^^^^^^^^^^^^^^^^^^^^^^^^^^^^^^^^^^^^^^^^^^^^^^^^^^^^^^^^^^^^^
  File "c:\Users\paulb\Desktop\Algos\Collab-Project-1\server\dashboard\routes.py", line 85, in get_list_tickers
    return {'tickers': list(filing_selection_data['available_filings'].keys()), 'popularFilings': filing_selection_data['popular_filings'][:3]}
                            ~~~~~~~~~~~~~~~~~~~~~^^^^^^^^^^^^^^^^^^^^^
KeyError: 'available_filings'
2024-10-18 12:19:23,562 - ERROR - Exception on /api/get-list-tickers [GET]
Traceback (most recent call last):
  File "C:\Users\paulb\Desktop\Algos\Collab-Project-1\.venv\Lib\site-packages\flask\app.py", line 1473, in wsgi_app
    response = self.full_dispatch_request()
               ^^^^^^^^^^^^^^^^^^^^^^^^^^^^
  File "C:\Users\paulb\Desktop\Algos\Collab-Project-1\.venv\Lib\site-packages\flask\app.py", line 882, in full_dispatch_request
    rv = self.handle_user_exception(e)
         ^^^^^^^^^^^^^^^^^^^^^^^^^^^^^
  File "C:\Users\paulb\Desktop\Algos\Collab-Project-1\.venv\Lib\site-packages\flask_cors\extension.py", line 178, in wrapped_function
    return cors_after_request(app.make_response(f(*args, **kwargs)))
                                                ^^^^^^^^^^^^^^^^^^
  File "C:\Users\paulb\Desktop\Algos\Collab-Project-1\.venv\Lib\site-packages\flask\app.py", line 880, in full_dispatch_request
    rv = self.dispatch_request()
         ^^^^^^^^^^^^^^^^^^^^^^^
  File "C:\Users\paulb\Desktop\Algos\Collab-Project-1\.venv\Lib\site-packages\flask\app.py", line 865, in dispatch_request
    return self.ensure_sync(self.view_functions[rule.endpoint])(**view_args)  # type: ignore[no-any-return]
           ^^^^^^^^^^^^^^^^^^^^^^^^^^^^^^^^^^^^^^^^^^^^^^^^^^^^^^^^^^^^^^^^^
  File "c:\Users\paulb\Desktop\Algos\Collab-Project-1\server\dashboard\routes.py", line 85, in get_list_tickers
    return {'tickers': list(filing_selection_data['available_filings'].keys()), 'popularFilings': filing_selection_data['popular_filings'][:3]}
                            ~~~~~~~~~~~~~~~~~~~~~^^^^^^^^^^^^^^^^^^^^^
KeyError: 'available_filings'
2024-10-18 12:26:16,593 - ERROR - Connection error [Attempt 1/3]: server closed the connection unexpectedly
	This probably means the server terminated abnormally
	before or while processing the request.

2024-10-18 12:26:16,920 - DEBUG - Reconnected to database successfully.
2024-10-18 12:26:18,194 - ERROR - Exception on /api/get-list-tickers [GET]
Traceback (most recent call last):
  File "C:\Users\paulb\Desktop\Algos\Collab-Project-1\.venv\Lib\site-packages\flask\app.py", line 1473, in wsgi_app
    response = self.full_dispatch_request()
               ^^^^^^^^^^^^^^^^^^^^^^^^^^^^
  File "C:\Users\paulb\Desktop\Algos\Collab-Project-1\.venv\Lib\site-packages\flask\app.py", line 882, in full_dispatch_request
    rv = self.handle_user_exception(e)
         ^^^^^^^^^^^^^^^^^^^^^^^^^^^^^
  File "C:\Users\paulb\Desktop\Algos\Collab-Project-1\.venv\Lib\site-packages\flask_cors\extension.py", line 178, in wrapped_function
    return cors_after_request(app.make_response(f(*args, **kwargs)))
                                                ^^^^^^^^^^^^^^^^^^
  File "C:\Users\paulb\Desktop\Algos\Collab-Project-1\.venv\Lib\site-packages\flask\app.py", line 880, in full_dispatch_request
    rv = self.dispatch_request()
         ^^^^^^^^^^^^^^^^^^^^^^^
  File "C:\Users\paulb\Desktop\Algos\Collab-Project-1\.venv\Lib\site-packages\flask\app.py", line 865, in dispatch_request
    return self.ensure_sync(self.view_functions[rule.endpoint])(**view_args)  # type: ignore[no-any-return]
           ^^^^^^^^^^^^^^^^^^^^^^^^^^^^^^^^^^^^^^^^^^^^^^^^^^^^^^^^^^^^^^^^^
  File "c:\Users\paulb\Desktop\Algos\Collab-Project-1\server\dashboard\routes.py", line 85, in get_list_tickers
    return {'tickers': list(filing_selection_data['available_filings'].keys()), 'popularFilings': filing_selection_data['popular_filings'][:3]}
                            ~~~~~~~~~~~~~~~~~~~~~^^^^^^^^^^^^^^^^^^^^^
KeyError: 'available_filings'
2024-10-18 12:33:19,390 - ERROR - Exception on /api/get-list-tickers [GET]
Traceback (most recent call last):
  File "C:\Users\paulb\Desktop\Algos\Collab-Project-1\.venv\Lib\site-packages\flask\app.py", line 1473, in wsgi_app
    response = self.full_dispatch_request()
               ^^^^^^^^^^^^^^^^^^^^^^^^^^^^
  File "C:\Users\paulb\Desktop\Algos\Collab-Project-1\.venv\Lib\site-packages\flask\app.py", line 882, in full_dispatch_request
    rv = self.handle_user_exception(e)
         ^^^^^^^^^^^^^^^^^^^^^^^^^^^^^
  File "C:\Users\paulb\Desktop\Algos\Collab-Project-1\.venv\Lib\site-packages\flask_cors\extension.py", line 178, in wrapped_function
    return cors_after_request(app.make_response(f(*args, **kwargs)))
                                                ^^^^^^^^^^^^^^^^^^
  File "C:\Users\paulb\Desktop\Algos\Collab-Project-1\.venv\Lib\site-packages\flask\app.py", line 880, in full_dispatch_request
    rv = self.dispatch_request()
         ^^^^^^^^^^^^^^^^^^^^^^^
  File "C:\Users\paulb\Desktop\Algos\Collab-Project-1\.venv\Lib\site-packages\flask\app.py", line 865, in dispatch_request
    return self.ensure_sync(self.view_functions[rule.endpoint])(**view_args)  # type: ignore[no-any-return]
           ^^^^^^^^^^^^^^^^^^^^^^^^^^^^^^^^^^^^^^^^^^^^^^^^^^^^^^^^^^^^^^^^^
  File "c:\Users\paulb\Desktop\Algos\Collab-Project-1\server\dashboard\routes.py", line 85, in get_list_tickers
    return {'tickers': list(filing_selection_data.keys()), 'popularFilings': filing_selection_data['popular_filings'][:3]}
                                                                             ~~~~~~~~~~~~~~~~~~~~~^^^^^^^^^^^^^^^^^^^
KeyError: 'popular_filings'
2024-10-18 12:38:18,904 - ERROR - Exception on /api/get-list-tickers [GET]
Traceback (most recent call last):
  File "C:\Users\paulb\Desktop\Algos\Collab-Project-1\.venv\Lib\site-packages\flask\app.py", line 1473, in wsgi_app
    response = self.full_dispatch_request()
               ^^^^^^^^^^^^^^^^^^^^^^^^^^^^
  File "C:\Users\paulb\Desktop\Algos\Collab-Project-1\.venv\Lib\site-packages\flask\app.py", line 882, in full_dispatch_request
    rv = self.handle_user_exception(e)
         ^^^^^^^^^^^^^^^^^^^^^^^^^^^^^
  File "C:\Users\paulb\Desktop\Algos\Collab-Project-1\.venv\Lib\site-packages\flask_cors\extension.py", line 178, in wrapped_function
    return cors_after_request(app.make_response(f(*args, **kwargs)))
                                                ^^^^^^^^^^^^^^^^^^
  File "C:\Users\paulb\Desktop\Algos\Collab-Project-1\.venv\Lib\site-packages\flask\app.py", line 880, in full_dispatch_request
    rv = self.dispatch_request()
         ^^^^^^^^^^^^^^^^^^^^^^^
  File "C:\Users\paulb\Desktop\Algos\Collab-Project-1\.venv\Lib\site-packages\flask\app.py", line 865, in dispatch_request
    return self.ensure_sync(self.view_functions[rule.endpoint])(**view_args)  # type: ignore[no-any-return]
           ^^^^^^^^^^^^^^^^^^^^^^^^^^^^^^^^^^^^^^^^^^^^^^^^^^^^^^^^^^^^^^^^^
  File "c:\Users\paulb\Desktop\Algos\Collab-Project-1\server\dashboard\routes.py", line 85, in get_list_tickers
KeyError: 'popular_filings'
2024-10-18 12:50:58,971 - ERROR - Connection error [Attempt 1/3]: server closed the connection unexpectedly
	This probably means the server terminated abnormally
	before or while processing the request.

2024-10-18 12:50:59,279 - DEBUG - Reconnected to database successfully.
2024-10-18 13:31:20,859 - WARNING - Connection error [Attempt 1/3]: server closed the connection unexpectedly
	This probably means the server terminated abnormally
	before or while processing the request.

2024-10-18 13:31:21,107 - DEBUG - Reconnected to database successfully.
2024-10-18 13:39:36,616 - ERROR - Exception on /api/new-chat [POST]
Traceback (most recent call last):
  File "C:\Users\paulb\Desktop\Algos\Collab-Project-1\.venv\Lib\site-packages\flask\app.py", line 1473, in wsgi_app
    response = self.full_dispatch_request()
               ^^^^^^^^^^^^^^^^^^^^^^^^^^^^
  File "C:\Users\paulb\Desktop\Algos\Collab-Project-1\.venv\Lib\site-packages\flask\app.py", line 882, in full_dispatch_request
    rv = self.handle_user_exception(e)
         ^^^^^^^^^^^^^^^^^^^^^^^^^^^^^
  File "C:\Users\paulb\Desktop\Algos\Collab-Project-1\.venv\Lib\site-packages\flask_cors\extension.py", line 178, in wrapped_function
    return cors_after_request(app.make_response(f(*args, **kwargs)))
                                                ^^^^^^^^^^^^^^^^^^
  File "C:\Users\paulb\Desktop\Algos\Collab-Project-1\.venv\Lib\site-packages\flask\app.py", line 880, in full_dispatch_request
    rv = self.dispatch_request()
         ^^^^^^^^^^^^^^^^^^^^^^^
  File "C:\Users\paulb\Desktop\Algos\Collab-Project-1\.venv\Lib\site-packages\flask\app.py", line 865, in dispatch_request
    return self.ensure_sync(self.view_functions[rule.endpoint])(**view_args)  # type: ignore[no-any-return]
           ^^^^^^^^^^^^^^^^^^^^^^^^^^^^^^^^^^^^^^^^^^^^^^^^^^^^^^^^^^^^^^^^^
  File "c:\Users\paulb\Desktop\Algos\Collab-Project-1\server\dashboard\routes.py", line 65, in new_chat_post
    filing = get_filing(filing_id=request.json.get('chat'), filing_date=request.json.get('filingDate'))
             ^^^^^^^^^^^^^^^^^^^^^^^^^^^^^^^^^^^^^^^^^^^^^^^^^^^^^^^^^^^^^^^^^^^^^^^^^^^^^^^^^^^^^^^^^^
  File "c:\Users\paulb\Desktop\Algos\Collab-Project-1\server\dashboard\utils.py", line 385, in get_filing
    ticker, filing_year, filing_type = filing_id.split("-")
    ^^^^^^^^^^^^^^^^^^^^^^^^^^^^^^^^
ValueError: too many values to unpack (expected 3)
2024-10-18 13:43:15,822 - ERROR - Exception on /api/get-filing [GET]
Traceback (most recent call last):
  File "C:\Users\paulb\Desktop\Algos\Collab-Project-1\.venv\Lib\site-packages\flask\app.py", line 1473, in wsgi_app
    response = self.full_dispatch_request()
               ^^^^^^^^^^^^^^^^^^^^^^^^^^^^
  File "C:\Users\paulb\Desktop\Algos\Collab-Project-1\.venv\Lib\site-packages\flask\app.py", line 882, in full_dispatch_request
    rv = self.handle_user_exception(e)
         ^^^^^^^^^^^^^^^^^^^^^^^^^^^^^
  File "C:\Users\paulb\Desktop\Algos\Collab-Project-1\.venv\Lib\site-packages\flask_cors\extension.py", line 178, in wrapped_function
    return cors_after_request(app.make_response(f(*args, **kwargs)))
                                                ^^^^^^^^^^^^^^^^^^
  File "C:\Users\paulb\Desktop\Algos\Collab-Project-1\.venv\Lib\site-packages\flask\app.py", line 880, in full_dispatch_request
    rv = self.dispatch_request()
         ^^^^^^^^^^^^^^^^^^^^^^^
  File "C:\Users\paulb\Desktop\Algos\Collab-Project-1\.venv\Lib\site-packages\flask\app.py", line 865, in dispatch_request
    return self.ensure_sync(self.view_functions[rule.endpoint])(**view_args)  # type: ignore[no-any-return]
           ^^^^^^^^^^^^^^^^^^^^^^^^^^^^^^^^^^^^^^^^^^^^^^^^^^^^^^^^^^^^^^^^^
  File "c:\Users\paulb\Desktop\Algos\Collab-Project-1\server\dashboard\routes.py", line 108, in get_filing_get
    ticker, year, form_raw = request.args.get('chat').split('-')
    ^^^^^^^^^^^^^^^^^^^^^^
ValueError: too many values to unpack (expected 3)
2024-10-18 14:12:37,848 - INFO - Created Vectorstore for VRDR-2024-10-16
2024-10-18 14:12:37,850 - DEBUG - New chat created for planetchars@gmail.com: VRDR-2024-10K
