2024-10-24 07:58:01,375 - WARNING - Connection error [Attempt 1/3]: server closed the connection unexpectedly
	This probably means the server terminated abnormally
	before or while processing the request.

2024-10-24 07:58:01,610 - DEBUG - Reconnected to database successfully.
2024-10-24 08:10:44,768 - WARNING - Connection error [Attempt 1/3]: server closed the connection unexpectedly
	This probably means the server terminated abnormally
	before or while processing the request.

2024-10-24 08:10:45,059 - DEBUG - Reconnected to database successfully.
2024-10-24 10:23:00,892 - WARNING - Connection error [Attempt 1/3]: server closed the connection unexpectedly
	This probably means the server terminated abnormally
	before or while processing the request.

2024-10-24 10:23:01,124 - DEBUG - Reconnected to database successfully.
2024-10-24 10:37:32,163 - WARNING - Connection error [Attempt 1/3]: server closed the connection unexpectedly
	This probably means the server terminated abnormally
	before or while processing the request.

2024-10-24 10:37:32,393 - DEBUG - Reconnected to database successfully.
2024-10-24 10:58:13,544 - WARNING - Connection error [Attempt 1/3]: server closed the connection unexpectedly
	This probably means the server terminated abnormally
	before or while processing the request.

2024-10-24 10:58:13,854 - DEBUG - Reconnected to database successfully.
2024-10-24 11:07:22,258 - CRITICAL - Error editing user data: Request req_yezgLUtNIhl2A2: No such customer: 'cus_R3d6zUqQ70yPvm'; a similar object exists in test mode, but a live mode key was used to make this request.
2024-10-24 11:21:35,822 - DEBUG - Updated Vectorstore for AAPL-2016-10-26, 10000, 3, 3
2024-10-24 11:21:35,824 - DEBUG - New chat created for planetchars@gmail.com: AAPL-2016-10K
2024-10-24 11:28:08,874 - CRITICAL - Error retrieving user data: 'NoneType' object is not subscriptable
2024-10-24 11:28:09,561 - CRITICAL - Error retrieving user data: 'NoneType' object is not subscriptable
2024-10-24 11:28:17,736 - CRITICAL - Error retrieving user data: 'NoneType' object is not subscriptable
2024-10-24 11:28:18,283 - CRITICAL - Error retrieving user data: 'NoneType' object is not subscriptable
2024-10-24 11:32:06,992 - CRITICAL - Error retrieving user data: 'NoneType' object is not subscriptable
2024-10-24 11:32:07,527 - CRITICAL - Error retrieving user data: 'NoneType' object is not subscriptable
2024-10-24 11:34:00,858 - CRITICAL - Error retrieving user data: 'DecodeError' object is not subscriptable
2024-10-24 11:34:01,439 - CRITICAL - Error retrieving user data: 'DecodeError' object is not subscriptable
2024-10-24 11:34:01,732 - CRITICAL - Error retrieving user data: 'DecodeError' object is not subscriptable
2024-10-24 11:34:24,946 - CRITICAL - Error retrieving user data: 'NoneType' object is not subscriptable
2024-10-24 11:34:25,574 - CRITICAL - Error retrieving user data: 'NoneType' object is not subscriptable
2024-10-24 11:34:47,339 - CRITICAL - Error retrieving user data: 'NoneType' object is not subscriptable
2024-10-24 11:35:14,773 - CRITICAL - Error retrieving user data: 'NoneType' object is not subscriptable
2024-10-24 11:37:02,555 - CRITICAL - Error retrieving user data: 'NoneType' object is not subscriptable
2024-10-24 11:53:24,774 - CRITICAL - Error retrieving user data: 'DecodeError' object is not subscriptable
2024-10-24 11:53:37,153 - WARNING - Connection error [Attempt 1/3]: server closed the connection unexpectedly
	This probably means the server terminated abnormally
	before or while processing the request.

2024-10-24 11:53:37,380 - DEBUG - Reconnected to database successfully.
2024-10-24 11:55:06,175 - DEBUG - Email of type "signUp" sent successfully to paul.bezko@hotmail.com
2024-10-24 11:55:06,177 - DEBUG - Signup email sent to paul.bezko@hotmail.com
2024-10-24 11:55:19,937 - DEBUG - Signup email confirmed for paul.bezko@hotmail.com
2024-10-24 11:55:27,888 - DEBUG - User account created for paul.bezko@hotmail.com
2024-10-24 11:55:27,891 - INFO - New user joined through email: paul.bezko@hotmail.com
2024-10-24 11:59:12,343 - DEBUG - Stripe user created: {
  "address": null,
  "balance": 0,
  "created": 1729763953,
  "currency": null,
  "default_source": null,
  "delinquent": false,
  "description": null,
  "discount": null,
  "email": "paul.bezko@hotmail.com",
  "id": "cus_R5YwN53zYXjsZr",
  "invoice_prefix": "A1DEF6DD",
  "invoice_settings": {
    "custom_fields": null,
    "default_payment_method": null,
    "footer": null,
    "rendering_options": null
  },
  "livemode": false,
  "metadata": {},
  "name": "Paul Bezkorovainijs",
  "object": "customer",
  "phone": null,
  "preferred_locales": [],
  "shipping": null,
  "tax_exempt": "none",
  "test_clock": null
}
2024-10-24 12:05:54,201 - DEBUG - User completed checkout session: paul.bezko@hotmail.com
2024-10-24 12:07:05,769 - DEBUG - User completed checkout session: paul.bezko@hotmail.com
2024-10-24 12:07:05,922 - DEBUG - User completed checkout session: paul.bezko@hotmail.com
2024-10-24 12:11:03,116 - DEBUG - User completed checkout session: paul.bezko@hotmail.com
2024-10-24 12:12:09,539 - DEBUG - User completed checkout session: paul.bezko@hotmail.com
2024-10-24 12:12:09,672 - DEBUG - User completed checkout session: paul.bezko@hotmail.com
2024-10-24 12:17:39,601 - DEBUG - User completed checkout session: paul.bezko@hotmail.com
2024-10-24 12:18:42,259 - DEBUG - User completed checkout session: paul.bezko@hotmail.com
2024-10-24 12:19:51,592 - DEBUG - User completed checkout session: paul.bezko@hotmail.com
2024-10-24 12:22:53,522 - DEBUG - User completed checkout session: paul.bezko@hotmail.com
2024-10-24 12:23:50,010 - DEBUG - User completed checkout session: paul.bezko@hotmail.com
2024-10-24 12:28:08,802 - ERROR - Error in webhook: cannot access local variable 'user' where it is not associated with a value
2024-10-24 12:28:25,208 - DEBUG - User canceled subscription: cus_R5YwN53zYXjsZr
2024-10-24 12:29:51,152 - DEBUG - User completed checkout session: paul.bezko@hotmail.com
2024-10-24 12:29:51,264 - DEBUG - User completed checkout session: paul.bezko@hotmail.com
2024-10-24 12:30:54,118 - DEBUG - User canceled subscription: cus_R5YwN53zYXjsZr
2024-10-24 12:31:24,657 - DEBUG - User completed checkout session: paul.bezko@hotmail.com
2024-10-24 12:31:24,891 - DEBUG - User completed checkout session: paul.bezko@hotmail.com
2024-10-24 12:34:27,468 - DEBUG - User completed checkout session: paul.bezko@hotmail.com
2024-10-24 12:44:18,277 - DEBUG - User completed checkout session: paul.bezko@hotmail.com
2024-10-24 12:44:18,280 - ERROR - Error [Execute Query]: tuple index out of range
2024-10-24 12:44:18,512 - CRITICAL - Failed to execute query after multiple attempts.
2024-10-24 12:45:51,067 - DEBUG - User completed checkout session: paul.bezko@hotmail.com
2024-10-24 12:45:54,477 - DEBUG - User canceled subscription: cus_R5YwN53zYXjsZr
2024-10-24 12:46:21,404 - DEBUG - User completed checkout session: paul.bezko@hotmail.com
2024-10-24 12:46:21,406 - ERROR - Error in webhook: cannot access local variable 'tokens' where it is not associated with a value
2024-10-24 12:46:21,450 - DEBUG - User completed checkout session: paul.bezko@hotmail.com
2024-10-24 12:47:12,395 - DEBUG - User canceled subscription: cus_R5YwN53zYXjsZr
2024-10-24 12:47:29,268 - DEBUG - User completed checkout session: paul.bezko@hotmail.com
2024-10-24 12:47:38,538 - DEBUG - User completed checkout session: paul.bezko@hotmail.com
2024-10-24 12:47:57,196 - DEBUG - User completed checkout session: paul.bezko@hotmail.com
2024-10-24 12:48:29,349 - DEBUG - User completed checkout session: paul.bezko@hotmail.com
2024-10-24 12:49:02,916 - DEBUG - User completed checkout session: paul.bezko@hotmail.com
2024-10-24 12:49:20,905 - DEBUG - User completed checkout session: paul.bezko@hotmail.com
2024-10-24 12:50:01,872 - DEBUG - User canceled subscription: cus_R5YwN53zYXjsZr
2024-10-24 12:50:25,832 - DEBUG - User completed checkout session: paul.bezko@hotmail.com
2024-10-24 12:50:26,053 - DEBUG - User completed checkout session: paul.bezko@hotmail.com
2024-10-24 12:50:45,425 - DEBUG - User completed checkout session: paul.bezko@hotmail.com
2024-10-24 12:51:09,949 - DEBUG - User completed checkout session: paul.bezko@hotmail.com
2024-10-24 12:51:35,439 - DEBUG - User canceled subscription: cus_R5YwN53zYXjsZr
2024-10-24 12:51:39,143 - DEBUG - User canceled subscription: cus_R5YwN53zYXjsZr
2024-10-24 12:52:01,594 - DEBUG - User completed checkout session: paul.bezko@hotmail.com
2024-10-24 12:52:04,189 - DEBUG - User completed checkout session: paul.bezko@hotmail.com
2024-10-24 12:52:20,839 - DEBUG - User completed checkout session: paul.bezko@hotmail.com
2024-10-24 12:52:43,654 - DEBUG - User completed checkout session: paul.bezko@hotmail.com
2024-10-24 12:53:03,061 - DEBUG - User completed checkout session: paul.bezko@hotmail.com
2024-10-24 12:53:52,514 - DEBUG - User completed checkout session: paul.bezko@hotmail.com
2024-10-24 12:54:11,415 - DEBUG - User completed checkout session: paul.bezko@hotmail.com
2024-10-24 12:55:04,173 - DEBUG - User canceled subscription: cus_R5YwN53zYXjsZr
2024-10-24 12:55:28,490 - DEBUG - User completed checkout session: paul.bezko@hotmail.com
2024-10-24 12:55:28,492 - ERROR - Error in webhook: cannot access local variable 'tokens' where it is not associated with a value
2024-10-24 13:42:34,558 - WARNING - Connection error [Attempt 1/3]: server closed the connection unexpectedly
	This probably means the server terminated abnormally
	before or while processing the request.

2024-10-24 13:42:34,785 - DEBUG - Reconnected to database successfully.
2024-10-24 13:43:09,018 - DEBUG - User completed checkout session: paul.bezko@hotmail.com
2024-10-24 13:43:09,020 - ERROR - Error in webhook: cannot access local variable 'tokens' where it is not associated with a value
2024-10-24 13:43:09,267 - DEBUG - User completed checkout session: paul.bezko@hotmail.com
2024-10-24 13:54:33,359 - WARNING - Connection error [Attempt 1/3]: server closed the connection unexpectedly
	This probably means the server terminated abnormally
	before or while processing the request.

2024-10-24 13:54:33,596 - DEBUG - Reconnected to database successfully.
2024-10-24 13:54:46,917 - DEBUG - User completed checkout session: paul.bezko@hotmail.com
2024-10-24 14:10:55,869 - DEBUG - User cancelled subscription: paul.bezko@hotmail.com
2024-10-24 14:11:15,783 - ERROR - Error in webhook: 'customer'
2024-10-24 14:13:59,245 - DEBUG - User bought tokens: paul.bezko@hotmail.com
2024-10-24 14:13:59,579 - DEBUG - User paid invoice: paul.bezko@hotmail.com
2024-10-24 14:13:59,581 - ERROR - Error in webhook: 'STRIPE_PRODUCT_PREMIUM_ID'
2024-10-24 14:17:55,575 - DEBUG - User bought tokens: paul.bezko@hotmail.com
2024-10-24 14:17:55,945 - DEBUG - User paid invoice: paul.bezko@hotmail.com
2024-10-24 14:20:26,306 - DEBUG - User bought tokens: paul.bezko@hotmail.com
2024-10-24 14:20:26,734 - DEBUG - User paid invoice: paul.bezko@hotmail.com
2024-10-24 14:20:49,823 - DEBUG - User cancelled subscription: paul.bezko@hotmail.com
2024-10-24 14:22:25,104 - DEBUG - User bought tokens: paul.bezko@hotmail.com
2024-10-24 14:22:25,448 - DEBUG - User paid invoice: paul.bezko@hotmail.com
2024-10-24 14:23:24,985 - DEBUG - User bought tokens: paul.bezko@hotmail.com
2024-10-24 16:45:04,908 - WARNING - Connection error [Attempt 1/3]: server closed the connection unexpectedly
	This probably means the server terminated abnormally
	before or while processing the request.

2024-10-24 16:45:05,156 - DEBUG - Reconnected to database successfully.
2024-10-24 16:53:18,947 - DEBUG - User cancelled subscription: paul.bezko@hotmail.com
2024-10-24 16:55:48,875 - DEBUG - User cancelled subscription: paul.bezko@hotmail.com
2024-10-24 16:55:52,105 - DEBUG - User cancelled subscription: paul.bezko@hotmail.com
2024-10-24 16:55:55,964 - DEBUG - User cancelled subscription: paul.bezko@hotmail.com
2024-10-24 16:56:01,141 - DEBUG - User cancelled subscription: paul.bezko@hotmail.com
2024-10-24 16:56:04,939 - DEBUG - User cancelled subscription: paul.bezko@hotmail.com
2024-10-24 16:56:08,729 - DEBUG - User cancelled subscription: paul.bezko@hotmail.com
2024-10-24 16:56:12,753 - DEBUG - User cancelled subscription: paul.bezko@hotmail.com
2024-10-24 16:56:19,026 - DEBUG - User cancelled subscription: paul.bezko@hotmail.com
2024-10-24 16:56:23,147 - DEBUG - User cancelled subscription: paul.bezko@hotmail.com
2024-10-24 16:56:30,246 - DEBUG - User cancelled subscription: paul.bezko@hotmail.com
2024-10-24 16:59:01,257 - DEBUG - Stripe user created: {
  "address": null,
  "balance": 0,
  "created": 1729781943,
  "currency": null,
  "default_source": null,
  "delinquent": false,
  "description": null,
  "discount": null,
  "email": "paul.bezko@hotmail.com",
  "id": "cus_R5dmQ24mlFGcAx",
  "invoice_prefix": "1C63BD33",
  "invoice_settings": {
    "custom_fields": null,
    "default_payment_method": null,
    "footer": null,
    "rendering_options": null
  },
  "livemode": false,
  "metadata": {},
  "name": "Paul Bezkorovainijs",
  "object": "customer",
  "phone": null,
  "preferred_locales": [],
  "shipping": null,
  "tax_exempt": "none",
  "test_clock": null
}
2024-10-24 16:59:17,742 - DEBUG - User bought tokens: paul.bezko@hotmail.com
2024-10-24 16:59:18,140 - DEBUG - User paid invoice: paul.bezko@hotmail.com
2024-10-24 16:59:37,113 - DEBUG - User cancelled subscription: paul.bezko@hotmail.com
2024-10-24 17:01:58,826 - DEBUG - User bought tokens: paul.bezko@hotmail.com
2024-10-24 17:01:59,274 - DEBUG - User paid invoice: paul.bezko@hotmail.com
2024-10-24 17:02:16,001 - DEBUG - User cancelled subscription: paul.bezko@hotmail.com
2024-10-24 17:02:35,089 - DEBUG - User bought tokens: paul.bezko@hotmail.com
2024-10-24 17:02:35,530 - DEBUG - User paid invoice: paul.bezko@hotmail.com
2024-10-24 17:02:54,275 - DEBUG - User paid invoice: paul.bezko@hotmail.com
2024-10-24 17:04:32,356 - DEBUG - User cancelled subscription: paul.bezko@hotmail.com
2024-10-24 17:05:25,592 - DEBUG - User paid invoice: paul.bezko@hotmail.com
2024-10-24 17:05:39,080 - DEBUG - User bought tokens: paul.bezko@hotmail.com
2024-10-24 17:05:51,982 - DEBUG - User cancelled subscription: paul.bezko@hotmail.com
2024-10-24 17:06:54,317 - DEBUG - User paid invoice: paul.bezko@hotmail.com
2024-10-24 17:07:08,428 - DEBUG - User bought tokens: paul.bezko@hotmail.com
2024-10-24 17:07:25,364 - DEBUG - User bought tokens: paul.bezko@hotmail.com
2024-10-24 17:07:36,411 - DEBUG - User cancelled subscription: paul.bezko@hotmail.com
2024-10-24 17:07:56,932 - DEBUG - User bought tokens: paul.bezko@hotmail.com
2024-10-24 17:07:57,431 - DEBUG - User paid invoice: paul.bezko@hotmail.com
2024-10-24 17:10:24,998 - DEBUG - User bought tokens: paul.bezko@hotmail.com
2024-10-24 17:12:53,310 - DEBUG - User cancelled subscription: paul.bezko@hotmail.com
2024-10-24 17:13:21,584 - DEBUG - User bought tokens: paul.bezko@hotmail.com
2024-10-24 17:13:21,911 - DEBUG - User paid invoice: paul.bezko@hotmail.com
2024-10-24 17:18:23,492 - DEBUG - User bought tokens: paul.bezko@hotmail.com
2024-10-24 17:24:50,316 - DEBUG - User bought tokens: paul.bezko@hotmail.com
2024-10-24 17:27:38,328 - DEBUG - User cancelled subscription: paul.bezko@hotmail.com
2024-10-24 17:27:56,638 - ERROR - Error in webhook: 'replenishTokens'
2024-10-24 17:27:57,307 - DEBUG - User paid invoice: paul.bezko@hotmail.com
2024-10-24 17:29:34,976 - DEBUG - User bought tokens: paul.bezko@hotmail.com
2024-10-24 17:29:51,644 - DEBUG - User paid invoice: paul.bezko@hotmail.com
2024-10-24 17:40:36,705 - DEBUG - User cancelled subscription: paul.bezko@hotmail.com
2024-10-24 17:43:00,314 - DEBUG - Stripe user created: {
  "address": null,
  "balance": 0,
  "created": 1729784582,
  "currency": null,
  "default_source": null,
  "delinquent": false,
  "description": null,
  "discount": null,
  "email": "paul.bezko@hotmail.com",
  "id": "cus_R5eUnXa4sE7JlP",
  "invoice_prefix": "A6086E24",
  "invoice_settings": {
    "custom_fields": null,
    "default_payment_method": null,
    "footer": null,
    "rendering_options": null
  },
  "livemode": false,
  "metadata": {},
  "name": "Paul Bezkorovainijs",
  "object": "customer",
  "phone": null,
  "preferred_locales": [],
  "shipping": null,
  "tax_exempt": "none",
  "test_clock": null
}
2024-10-24 17:45:53,012 - DEBUG - User paid invoice: paul.bezko@hotmail.com
2024-10-24 17:47:13,977 - DEBUG - Stripe user created: {
  "address": null,
  "balance": 0,
  "created": 1729784835,
  "currency": null,
  "default_source": null,
  "delinquent": false,
  "description": null,
  "discount": null,
  "email": "paul.bezko@hotmail.com",
  "id": "cus_R5eYzGfnz4PyGs",
  "invoice_prefix": "640CF037",
  "invoice_settings": {
    "custom_fields": null,
    "default_payment_method": null,
    "footer": null,
    "rendering_options": null
  },
  "livemode": false,
  "metadata": {},
  "name": "Paul Bezkorovainijs",
  "object": "customer",
  "phone": null,
  "preferred_locales": [],
  "shipping": null,
  "tax_exempt": "none",
  "test_clock": null
}
2024-10-24 17:47:28,712 - ERROR - Error in webhook: 'replenishTokens'
2024-10-24 17:47:29,370 - DEBUG - User paid invoice: paul.bezko@hotmail.com
2024-10-24 17:47:32,773 - ERROR - Error in webhook: 'NoneType' object is not subscriptable
2024-10-24 17:49:40,236 - DEBUG - User paid invoice: paul.bezko@hotmail.com
2024-10-24 17:50:06,106 - DEBUG - User cancelled subscription: paul.bezko@hotmail.com
2024-10-24 17:52:13,289 - ERROR - Error in webhook: 'replenishTokens'
2024-10-24 17:52:13,941 - DEBUG - User paid invoice: paul.bezko@hotmail.com
2024-10-24 17:53:25,337 - DEBUG - User paid invoice: paul.bezko@hotmail.com
2024-10-24 17:55:18,900 - DEBUG - User cancelled subscription: paul.bezko@hotmail.com
2024-10-24 17:56:06,400 - DEBUG - Stripe user created: {
  "address": null,
  "balance": 0,
  "created": 1729785368,
  "currency": null,
  "default_source": null,
  "delinquent": false,
  "description": null,
  "discount": null,
  "email": "paul.bezko@hotmail.com",
  "id": "cus_R5eh67pr7er2DH",
  "invoice_prefix": "A6E6781E",
  "invoice_settings": {
    "custom_fields": null,
    "default_payment_method": null,
    "footer": null,
    "rendering_options": null
  },
  "livemode": false,
  "metadata": {},
  "name": "Paul Bezkorovainijs",
  "object": "customer",
  "phone": null,
  "preferred_locales": [],
  "shipping": null,
  "tax_exempt": "none",
  "test_clock": null
}
2024-10-24 17:56:18,991 - DEBUG - User paid invoice: paul.bezko@hotmail.com
2024-10-24 17:58:15,516 - DEBUG - User paid invoice: paul.bezko@hotmail.com
2024-10-24 18:01:03,772 - DEBUG - User paid invoice: paul.bezko@hotmail.com
2024-10-24 18:05:57,180 - DEBUG - User paid invoice: paul.bezko@hotmail.com
2024-10-24 18:06:57,406 - DEBUG - User paid invoice: paul.bezko@hotmail.com
2024-10-24 18:07:56,017 - DEBUG - Stripe user created: {
  "address": null,
  "balance": 0,
  "created": 1729786077,
  "currency": null,
  "default_source": null,
  "delinquent": false,
  "description": null,
  "discount": null,
  "email": "paul.bezko@hotmail.com",
  "id": "cus_R5etF0g5cRTEkt",
  "invoice_prefix": "6E62BD07",
  "invoice_settings": {
    "custom_fields": null,
    "default_payment_method": null,
    "footer": null,
    "rendering_options": null
  },
  "livemode": false,
  "metadata": {},
  "name": "Paul Bezkorovainijs",
  "object": "customer",
  "phone": null,
  "preferred_locales": [],
  "shipping": null,
  "tax_exempt": "none",
  "test_clock": null
}
2024-10-24 18:08:03,909 - DEBUG - User paid invoice: paul.bezko@hotmail.com
2024-10-24 18:08:46,075 - ERROR - Error in webhook: 'NoneType' object is not subscriptable
2024-10-24 19:07:01,242 - DEBUG - Stripe user created: {
  "address": null,
  "balance": 0,
  "created": 1729789623,
  "currency": null,
  "default_source": null,
  "delinquent": false,
  "description": null,
  "discount": null,
  "email": "paul.bezko@hotmail.com",
  "id": "cus_R5fquZMPqDA2H2",
  "invoice_prefix": "3F212190",
  "invoice_settings": {
    "custom_fields": null,
    "default_payment_method": null,
    "footer": null,
    "rendering_options": null
  },
  "livemode": false,
  "metadata": {},
  "name": "Paul Bezkorovainijs",
  "object": "customer",
  "phone": null,
  "preferred_locales": [],
  "shipping": null,
  "tax_exempt": "none",
  "test_clock": null
}
2024-10-24 19:07:35,128 - DEBUG - User paid invoice: paul.bezko@hotmail.com
2024-10-24 19:10:49,915 - DEBUG - User paid invoice: paul.bezko@hotmail.com
2024-10-24 22:50:12,292 - DEBUG - Stripe user created: {
  "address": null,
  "balance": 0,
  "created": 1729803012,
  "currency": null,
  "default_source": null,
  "delinquent": false,
  "description": null,
  "discount": null,
  "email": "paul.bezko@hotmail.com",
  "id": "cus_R5jRjPuSJv3wv0",
  "invoice_prefix": "0E330798",
  "invoice_settings": {
    "custom_fields": null,
    "default_payment_method": null,
    "footer": null,
    "rendering_options": null
  },
  "livemode": false,
  "metadata": {},
  "name": "Paul Bezkorovainijs",
  "object": "customer",
  "phone": null,
  "preferred_locales": [],
  "shipping": null,
  "tax_exempt": "none",
  "test_clock": null
}
2024-10-24 22:50:37,501 - DEBUG - User paid invoice: paul.bezko@hotmail.com
2024-10-24 22:52:11,198 - DEBUG - User paid invoice: paul.bezko@hotmail.com
2024-10-24 22:54:27,086 - ERROR - Error in webhook: 'NoneType' object is not subscriptable
2024-10-24 22:54:55,342 - DEBUG - Stripe user created: {
  "address": null,
  "balance": 0,
  "created": 1729803295,
  "currency": null,
  "default_source": null,
  "delinquent": false,
  "description": null,
  "discount": null,
  "email": "paul.bezko@hotmail.com",
  "id": "cus_R5jWvmJzbPgyw7",
  "invoice_prefix": "C0EC806C",
  "invoice_settings": {
    "custom_fields": null,
    "default_payment_method": null,
    "footer": null,
    "rendering_options": null
  },
  "livemode": false,
  "metadata": {},
  "name": "Paul Bezkorovainijs",
  "object": "customer",
  "phone": null,
  "preferred_locales": [],
  "shipping": null,
  "tax_exempt": "none",
  "test_clock": null
}
2024-10-24 22:56:25,201 - DEBUG - User paid invoice: paul.bezko@hotmail.com
2024-10-24 22:58:03,088 - DEBUG - User paid invoice: paul.bezko@hotmail.com
2024-10-24 23:37:29,760 - ERROR - Error in webhook: 'NoneType' object is not subscriptable
2024-10-24 23:37:44,498 - DEBUG - Stripe user created: {
  "address": null,
  "balance": 0,
  "created": 1729805864,
  "currency": null,
  "default_source": null,
  "delinquent": false,
  "description": null,
  "discount": null,
  "email": "paul.bezko@hotmail.com",
  "id": "cus_R5kDyba1GGgnu1",
  "invoice_prefix": "B78111D8",
  "invoice_settings": {
    "custom_fields": null,
    "default_payment_method": null,
    "footer": null,
    "rendering_options": null
  },
  "livemode": false,
  "metadata": {},
  "name": "Paul Bezkorovainijs",
  "object": "customer",
  "phone": null,
  "preferred_locales": [],
  "shipping": null,
  "tax_exempt": "none",
  "test_clock": null
}
2024-10-24 23:38:12,523 - DEBUG - User paid invoice: paul.bezko@hotmail.com
2024-10-24 23:38:12,525 - ERROR - Error in webhook: 'lines'
2024-10-24 23:40:53,461 - DEBUG - User paid invoice: paul.bezko@hotmail.com
2024-10-24 23:40:53,463 - ERROR - Error in webhook: 'previous_attributes'
2024-10-24 23:41:13,513 - DEBUG - User cancelled subscription: paul.bezko@hotmail.com
2024-10-24 23:41:13,613 - DEBUG - User cancelled subscription: paul.bezko@hotmail.com
2024-10-24 23:43:05,853 - DEBUG - Stripe user created: {
  "address": null,
  "balance": 0,
  "created": 1729806185,
  "currency": null,
  "default_source": null,
  "delinquent": false,
  "description": null,
  "discount": null,
  "email": "paul.bezko@hotmail.com",
  "id": "cus_R5kI9OhZlQPrjb",
  "invoice_prefix": "133987F8",
  "invoice_settings": {
    "custom_fields": null,
    "default_payment_method": null,
    "footer": null,
    "rendering_options": null
  },
  "livemode": false,
  "metadata": {},
  "name": "Paul Bezkorovainijs",
  "object": "customer",
  "phone": null,
  "preferred_locales": [],
  "shipping": null,
  "tax_exempt": "none",
  "test_clock": null
}
2024-10-24 23:43:18,900 - DEBUG - User paid invoice: paul.bezko@hotmail.com
2024-10-24 23:43:18,902 - ERROR - Error in webhook: 'previous_attributes'
2024-10-24 23:49:12,051 - ERROR - Error in webhook: 'NoneType' object is not subscriptable
2024-10-24 23:49:30,957 - DEBUG - Stripe user created: {
  "address": null,
  "balance": 0,
  "created": 1729806571,
  "currency": null,
  "default_source": null,
  "delinquent": false,
  "description": null,
  "discount": null,
  "email": "paul.bezko@hotmail.com",
  "id": "cus_R5kPlLe6V0vxMe",
  "invoice_prefix": "5B6E2DD5",
  "invoice_settings": {
    "custom_fields": null,
    "default_payment_method": null,
    "footer": null,
    "rendering_options": null
  },
  "livemode": false,
  "metadata": {},
  "name": "Paul Bezkorovainijs",
  "object": "customer",
  "phone": null,
  "preferred_locales": [],
  "shipping": null,
  "tax_exempt": "none",
  "test_clock": null
}
2024-10-24 23:49:44,751 - DEBUG - User paid invoice: paul.bezko@hotmail.com
2024-10-24 23:50:05,114 - DEBUG - User paid invoice: paul.bezko@hotmail.com
2024-10-24 23:50:05,116 - ERROR - Error in webhook: 'total'
2024-10-24 23:51:48,363 - DEBUG - User paid invoice: paul.bezko@hotmail.com
2024-10-24 23:53:52,388 - DEBUG - User paid invoice: paul.bezko@hotmail.com
2024-10-24 23:53:52,390 - ERROR - Error in webhook: 'total'
